// Jest Snapshot v1, https://goo.gl/fbAQLP

exports[`App tests snapshot 1`] = `
<div>
  <div>
    <div>
      Home View
    </div>
  </div>
</div>
`;
